Test A218 Required
States 1
0:X1=x; 0:X2=2;
Ok
Witnesses
Positive: 1 Negative: 0
Condition forall (true)
Observation A218 Always 1 0
Hash=7337f658da576c132ba6a403026111a6

