Test MP+po-amo.staddpl+poap Allowed
States 3
1:X0=0; 1:X3=0;
1:X0=0; 1:X3=1;
1:X0=1; 1:X3=1;
No
Witnesses
Positive: 0 Negative: 3
Condition exists (1:X0=1 /\ 1:X3=0)
Observation MP+po-amo.staddpl+poap Never 0 3
Hash=04b3999dee21fd954edf636f27a425c0

