Test A025 Required
States 1
0:X2=1; 0:X3=(parel1_t:(f:1));
Ok
Witnesses
Positive: 1 Negative: 0
Condition forall (0:X3=(parel1_t:(f:1)) /\ 0:X2=1)
Observation A025 Always 1 0
Hash=1fda2621ce7823df29288b9085d81031

