Test recurse-too-far-no-print Required
States 0
Loop Ok
Witnesses
Positive: 0 Negative: 0
Condition forall (true)
Observation recurse-too-far-no-print Never 0 0
Hash=abd5196ee6a439b4baf00eefdc7b590e

