Test LB+dmb.sytt+amo.ldaddal-polt Allowed
States 4
0:X0=x:green; 1:X0=1824; [y]=1952;  ~Fault(P1,y);
0:X0=x:green; 1:X0=1824; [y]=1952; Fault(P1,y:red,TagCheck);
0:X0=x:red; 1:X0=1824; [y]=1952;  ~Fault(P1,y);
0:X0=x:red; 1:X0=1824; [y]=1952; Fault(P1,y:red,TagCheck);
Ok
Witnesses
Positive: 1 Negative: 3
Condition exists ([y]=1952 /\ 0:X0=x:red /\ 1:X0=1824 /\ not (fault(P1,y)))
Observation LB+dmb.sytt+amo.ldaddal-polt Sometimes 1 3
Hash=3db2d557d47f4e50f5b2073542d8a86c

