Test MP+dmb.sytt+amo.ldaddal-polp Allowed
States 4
1:X4=0; 1:X6=0; [y]=1;  ~Fault(P1:L01,x); ~Fault(P1:L00,y);
1:X4=0; 1:X6=0; [y]=1; Fault(P1:L00,y:red,TagCheck); ~Fault(P1:L01,x);
1:X4=0; 1:X6=0; [y]=1; Fault(P1:L00,y:red,TagCheck); Fault(P1:L01,x:green,TagCheck);
1:X4=0; 1:X6=0; [y]=1; Fault(P1:L01,x:green,TagCheck); ~Fault(P1:L00,y);
Ok
Witnesses
Positive: 1 Negative: 3
Condition exists ([y]=1 /\ 1:X4=0 /\ 1:X6=0 /\ not (fault(P1:L00,y)) /\ not (fault(P1:L01,x)))
Observation MP+dmb.sytt+amo.ldaddal-polp Sometimes 1 3
Hash=571dd4503ac82d777c6907b6ccf9dec1

