Test S+dmb.sy+amo.ldaddal-polt Allowed
States 6
1:X0=1824; [x]=1; [y]=1825;  ~Fault(P0,x);
1:X0=1824; [x]=1; [y]=1825; Fault(P0,x:red,TagCheck);
1:X0=1825; [x]=1; [y]=1825;  ~Fault(P0,x);
1:X0=1825; [x]=1; [y]=1825; Fault(P0,x:red,TagCheck);
1:X0=1825; [x]=1; [y]=2081;  ~Fault(P0,x);
1:X0=1825; [x]=1; [y]=2081; Fault(P0,x:red,TagCheck);
Ok
Witnesses
Positive: 1 Negative: 5
Condition exists ([x]=1 /\ [y]=2081 /\ 1:X0=1825 /\ not (fault(P0,x)))
Observation S+dmb.sy+amo.ldaddal-polt Sometimes 1 5
Hash=253d924f2fcf5a09083653fb9695c789

